// Jest Snapshot v1, https://goo.gl/fbAQLP

exports[`renders 1`] = `
<DocumentFragment>
  <div
    data-testid="onsenpage"
  >
    <div
      data-testid="onsenpage_content"
    >
      <div
        class="chat_message"
      />
      <div
        class="chat_action"
      />
    </div>
    <div
      data-testif="onsenpage_fixed"
    >
      <div />
    </div>
  </div>
</DocumentFragment>
`;
